>>> lazy_matrix_mul = __import__('101-lazy_matrix_mul').lazy_matrix_mul
>>> lazy_matrix_mul([[1, 2], [3, 4]], [[1, 2], [3, 4]])
array([[ 7, 10],
       [15, 22]])
>>> lazy_matrix_mul([[1, 2]], [[3, 4], [5, 6]])
array([[13, 16]])
>>> lazy_matrix_mul([[1]], [[1]])
array([[1]])
>>> lazy_matrix_mul([], [])
Traceback (most recent call last):
    ...
ValueError: shapes (0,) and (0,) not aligned: 0 (dim 0) != 0 (dim 0)
>>> lazy_matrix_mul([[1, 2], [3, 4]], [[1, 2]])
Traceback (most recent call last):
    ...
ValueError: shapes (2,2) and (1,2) not aligned: 2 (dim 1) != 1 (dim 0)
>>> lazy_matrix_mul("not a matrix", [[1, 2], [3, 4]])
Traceback (most recent call last):
    ...
TypeError: invalid data type for einsum
